===============================================================================
DRTS Fleet Platform — Stage 1.5 IAM Hardening Database Verification Log
Executed: 2026-08-13T12:10:50Z
Target Tree: dev @ 28634c24dc0bab21ad9daffd7d4b0ad440705e27
===============================================================================

Command: pnpm db:verify

Output:
[info] DATABASE_URL not set; defaulting to postgresql://postgres:postgres@localhost:5432/drts_fleet_platform
DO
      metric       | value 
-------------------+-------
 complaints        |     1
 drivers           |     3
 driver_statements |     1
 orders            |     3
 schema_migrations |    76
 seed_runs         |     2
 tenants           |     2
 vehicles          |     3
(8 rows)

[done] schema verification passed
