===============================================================================
DRTS Fleet Platform — Stage 1.5 IAM Hardening Incident Response Drill Log
Executed: 2026-08-13T12:10:45Z
Target Tree: dev @ 28634c24dc0bab21ad9daffd7d4b0ad440705e27
===============================================================================

Command: python3 scripts/iam-incident-response-drill.py run-all-drills

Output:
=== Starting Account Takeover (ATO) Incident Drill for Principal: usr_tenant_admin_001 ===
[Step 1] Querying target principal and active session inventory...
[Step 2] Executing immediate session revocation (logout-all)...
  -> Revoked 2 sessions & executed key rotation in 0.4088s (SLA < 60s: PASS)
[Step 3] Updating principal account status to 'suspended'...
[Step 4] Querying audit log (admin.security_events) for blast radius...
[Step 5] Packaging forensic evidence and applying legal hold marker...
[Step 6] Verifying recovery path security guards...
  -> Recovery guard check: Password reset requires out-of-band identity proof & fresh MFA (PASS)
=== ATO Drill Completed in 0.4093 seconds ===
=== Starting Credential Compromise Incident Drill for Credential: cred_partner_booking_001 ===
[Step 1] Identifying leaked credential metadata...
[Step 2] Executing immediate credential revocation...
[Step 3] Executing real key ring rotation script (rotate-auth-keys.py)...
  -> Credential revoked & key ring rotated in 0.8076s (SLA < 60s: PASS)
[Step 4] Querying audit log for API calls made with compromised credential...
[Step 5] Packaging forensic evidence and applying legal hold marker...
[Step 6] Verifying replacement credential issuance bounds...
  -> Replacement credential issued with 90-day expiry & hash-only storage (PASS)
=== Credential Compromise Drill Completed in 0.8079 seconds ===

[SUCCESS] Drill completed! All evidence saved under: support/sidecars/IAM-IR-001
Report: support/sidecars/IAM-IR-001/IAM-IR-001-DRILL-EVIDENCE.md
