
════════════════════════════════════════════════════════
  DRTS Cross-Surface E2E Suite
  API: http://localhost:3001
  Bearer auth: disabled
  Run ID: 1758613
════════════════════════════════════════════════════════

▶ Running: E2E-003-phone-recording-filing
  ✓ PASS  E2E-003-phone-recording-filing

════════════════════════════════════════════════════════
  E2E Results: 1/1 passed

  Chain file:    /tmp/drts-e2e-chain-1758613.json
  Evidence log:  /tmp/drts-e2e-evidence-1758613.log

Evidence capture:
2026-07-27T03:55:09Z | E2E-003 | callcenter | callId=CALL-20260410-000001
2026-07-27T03:55:09Z | E2E-003 | callcenter | recordingStateBeforeOrder=pending
2026-07-27T03:55:09Z | E2E-003 | callcenter | orderId=9496c957-1a74-4478-ab10-1bbbc36446ad
2026-07-27T03:55:09Z | E2E-003 | callcenter | orderStatusAfterCreate=recording_pending
2026-07-27T03:55:09Z | E2E-003 | callcenter | recordingId=REC-E2E-1785124509
2026-07-27T03:55:10Z | E2E-003 | reporting | reportJobId=JOB-290ecc93-137f-4e6e-832a-27162e004b23
2026-07-27T03:55:10Z | E2E-003 | reporting | reportArtifactId=ART-a3e72f72-45a9-4324-a943-d085adaaa9e3
2026-07-27T03:55:10Z | E2E-003 | reporting | packageId=PKG-1d3b9aba-60ca-4841-83bf-d959d01c0553
2026-07-27T03:55:10Z | E2E-003 | reporting | packageManifestHash=aa2345c078b8a799a9706611686f14360539bf20eb264ab42030bbf561f57daf
2026-07-27T03:55:10Z | E2E-003 | audit | reportArtifactRetention=30/365
2026-07-27T03:55:10Z | E2E-003 | audit | filingPackageRetention=90/2555
2026-07-27T03:55:10Z | E2E-003 | audit | reportArtifactAudit=issue_report_artifact_download
2026-07-27T03:55:10Z | E2E-003 | audit | filingPackageAudit=issue_filing_package_download
════════════════════════════════════════════════════════
