
════════════════════════════════════════════════════════
  DRTS Cross-Surface E2E Suite
  API: http://localhost:3001
  Bearer auth: disabled
  Run ID: 2175955
════════════════════════════════════════════════════════

▶ Running: E2E-020-service-product-runtime-eligibility
  ✓ PASS  E2E-020-service-product-runtime-eligibility

════════════════════════════════════════════════════════
  E2E Results: 1/1 passed

  Chain file:    /tmp/drts-e2e-chain-2175955.json
  Evidence log:  /tmp/drts-e2e-evidence-2175955.log

Evidence capture:
2026-07-27T04:22:17Z | E2E-020 | platform_admin | serviceProductActive=true
2026-07-27T04:22:17Z | E2E-020 | platform_admin | serviceProductId=SVP-000001
2026-07-27T04:22:17Z | E2E-020 | platform_admin | matrixConfigured=taxi_rejected_multi_purpose_taxi_accepted
2026-07-27T04:22:18Z | E2E-020 | tenant | bookingId=booking-000001
2026-07-27T04:22:18Z | E2E-020 | tenant | orderId=7ef90b03-f00d-449e-add6-2ea2ba0a9b6e
2026-07-27T04:22:18Z | E2E-020 | tenant | businessDispatchSubtype=credit_card_airport_transfer
2026-07-27T04:22:18Z | E2E-020 | ops | dispatchJobId=24dac58d-5ff2-4362-9a67-1be933afa1eb
2026-07-27T04:22:18Z | E2E-020 | ops | eligibleVehicleId=veh-demo-001
2026-07-27T04:22:18Z | E2E-020 | ops | ineligibleTaxiCode=ELIGIBILITY_CHANGED_BEFORE_ASSIGNMENT
2026-07-27T04:22:18Z | E2E-020 | ops | ineligibleTaxiReasonCode=VEHICLE_NOT_ELIGIBLE_FOR_SERVICE_PRODUCT
2026-07-27T04:22:18Z | E2E-020 | ops | taskId=02a05bd3-2139-4530-afd4-487522e49f45
2026-07-27T04:22:18Z | E2E-020 | driver | taskId=02a05bd3-2139-4530-afd4-487522e49f45
2026-07-27T04:22:18Z | E2E-020 | driver | serviceProductCode=credit_card_airport_transfer
════════════════════════════════════════════════════════
