
════════════════════════════════════════════════════════
  DRTS Cross-Surface E2E Suite
  API: http://localhost:3001
  Bearer auth: disabled
  Run ID: 2027186
════════════════════════════════════════════════════════

▶ Running: E2E-014-fleet-partner-revenue-share
  ✓ PASS  E2E-014-fleet-partner-revenue-share

════════════════════════════════════════════════════════
  E2E Results: 1/1 passed

  Chain file:    /tmp/drts-e2e-chain-2027186.json
  Evidence log:  /tmp/drts-e2e-evidence-2027186.log

Evidence capture:
2026-07-27T04:12:40Z | E2E-014 | platform_admin | fleetPartnerId=fleet-a09414c8-2e25-49ca-8298-0b0e726ee9de
2026-07-27T04:12:40Z | E2E-014 | platform_admin | affiliationId=fleet-aff-8731f6a5-5c85-4cf0-95f7-c5413657e843
2026-07-27T04:12:40Z | E2E-014 | platform_admin | ruleId=fleet-rule-1d500941-78a1-46fc-9dd0-82c338f1b605
2026-07-27T04:12:40Z | E2E-014 | driver | grossEarningMinor=200000
2026-07-27T04:12:40Z | E2E-014 | driver | netAmountMinor=175000
2026-07-27T04:12:40Z | E2E-014 | driver | completedTripLines=2
2026-07-27T04:12:40Z | E2E-014 | fleet_partner | statementId=fleet-statement-fleet-a09414c8-2e25-49ca-8298-0b0e726ee9de-2026-03
2026-07-27T04:12:40Z | E2E-014 | fleet_partner | shareAmountMinor=20000
2026-07-27T04:12:40Z | E2E-014 | fleet_partner | grossEarningBasisMinor=200000
2026-07-27T04:12:40Z | E2E-014 | fleet_partner | payoutStatus=pending
2026-07-27T04:12:40Z | E2E-014 | fleet_partner_portal | shareAmountMinor=20000
════════════════════════════════════════════════════════
