
════════════════════════════════════════════════════════
  DRTS Cross-Surface E2E Suite
  API: http://localhost:3001
  Bearer auth: disabled
  Run ID: 2200267
════════════════════════════════════════════════════════

▶ Running: E2E-021-driver-heartbeat-replay
  ✓ PASS  E2E-021-driver-heartbeat-replay

════════════════════════════════════════════════════════
  E2E Results: 1/1 passed

  Chain file:    /tmp/drts-e2e-chain-2200267.json
  Evidence log:  /tmp/drts-e2e-evidence-2200267.log

Evidence capture:
2026-07-27T04:23:52Z | E2E-021 | tracking | baselineFreshness=missing
2026-07-27T04:23:52Z | E2E-021 | heartbeat | replayDeduped=true
2026-07-27T04:23:52Z | E2E-021 | tracking | currentRecordedAt=2026-07-27T04:23:52.000Z
2026-07-27T04:23:52Z | E2E-021 | tracking | freshness=fresh
2026-07-27T04:23:52Z | E2E-021 | tracking | opsParity=true
2026-07-27T04:23:52Z | E2E-021 | tracking | lowAccuracyFreshness=low_accuracy
════════════════════════════════════════════════════════
