
════════════════════════════════════════════════════════
  DRTS Cross-Surface E2E Suite
  API: http://localhost:3001
  Bearer auth: disabled
  Run ID: 2101826
════════════════════════════════════════════════════════

▶ Running: E2E-017-driver-sos-incident
  ✓ PASS  E2E-017-driver-sos-incident

════════════════════════════════════════════════════════
  E2E Results: 1/1 passed

  Chain file:    /tmp/drts-e2e-chain-2101826.json
  Evidence log:  /tmp/drts-e2e-evidence-2101826.log

Evidence capture:
2026-07-27T04:17:30Z | E2E-017 | driver | incidentId=INC-000001
2026-07-27T04:17:30Z | E2E-017 | driver | sosEventId=06470f8c-bc92-4667-b371-d7b666ba39a0
2026-07-27T04:17:30Z | E2E-017 | driver | eventNo=SOS-20260727041730-8A1227
2026-07-27T04:17:30Z | E2E-017 | driver | fleetReportConfirmedAt=2026-07-27T04:17:30.896Z
2026-07-27T04:17:31Z | E2E-017 | driver | attachmentStorageState=unavailable
2026-07-27T04:17:31Z | E2E-017 | driver | listForbidden=true
2026-07-27T04:17:31Z | E2E-017 | ops | opsAlertRenderedAt=2026-07-27T04:17:31.063Z
2026-07-27T04:17:31Z | E2E-017 | ops | opsAlertReceiptRecordedAt=2026-07-27T04:17:31.078Z
2026-07-27T04:17:31Z | E2E-017 | ops | alertToOpsLatencyMs=167
════════════════════════════════════════════════════════
