
════════════════════════════════════════════════════════
  DRTS Cross-Surface E2E Suite
  API: http://localhost:3001
  Bearer auth: disabled
  Run ID: 1783313
════════════════════════════════════════════════════════

▶ Running: E2E-004-tenant-attribution
  ✓ PASS  E2E-004-tenant-attribution

════════════════════════════════════════════════════════
  E2E Results: 1/1 passed

  Chain file:    /tmp/drts-e2e-chain-1783313.json
  Evidence log:  /tmp/drts-e2e-evidence-1783313.log

Evidence capture:
2026-07-27T03:56:45Z | E2E-004 | platform_admin | newTenantId=tenant-e2e-attr-5124605
2026-07-27T03:56:45Z | E2E-004 | tenant_newco | bookingId=booking-000001
2026-07-27T03:56:45Z | E2E-004 | tenant_newco | bookingTenantId=tenant-e2e-attr-5124605
2026-07-27T03:56:45Z | E2E-004 | tenant_newco | orderId=2ebd6b00-88dc-4441-aa49-ddb4f1f5f963
2026-07-27T03:56:45Z | E2E-004 | safety | crossTenantLeakDetected=false
2026-07-27T03:56:45Z | E2E-004 | safety | directDetailStatus=404
════════════════════════════════════════════════════════
