
════════════════════════════════════════════════════════
  DRTS Cross-Surface E2E Suite
  API: http://localhost:3001
  Bearer auth: disabled
  Run ID: 635254
════════════════════════════════════════════════════════

▶ Running: E2E-013-service-product-eligibility
  ✓ PASS  E2E-013-service-product-eligibility

════════════════════════════════════════════════════════
  E2E Results: 1/1 passed

  Chain file:    /tmp/drts-e2e-chain-635254.json
  Evidence log:  /tmp/drts-e2e-evidence-635254.log

Evidence capture:
2026-07-27T02:03:45Z | E2E-013 | platform_admin | serviceProductId=SVP-000001
2026-07-27T02:03:45Z | E2E-013 | platform_admin | matrixConfigured=taxi_rejected_multi_purpose_taxi_accepted
2026-07-27T02:03:45Z | E2E-013 | tenant | bookingId=booking-000001
2026-07-27T02:03:45Z | E2E-013 | tenant | orderId=a766b8a0-3c4e-4bc9-b114-b9e1ee94dac3
2026-07-27T02:03:45Z | E2E-013 | tenant | businessDispatchSubtype=credit_card_airport_transfer
2026-07-27T02:03:45Z | E2E-013 | ops | dispatchJobId=8561b99c-eec2-4b08-8627-f7d6c011a5a6
2026-07-27T02:03:45Z | E2E-013 | ops | eligibleVehicleId=veh-demo-001
2026-07-27T02:03:45Z | E2E-013 | ops | ineligibleTaxiCode=ELIGIBILITY_CHANGED_BEFORE_ASSIGNMENT
2026-07-27T02:03:45Z | E2E-013 | ops | ineligibleTaxiReasonCode=VEHICLE_NOT_ELIGIBLE_FOR_SERVICE_PRODUCT
2026-07-27T02:03:45Z | E2E-013 | ops | taskId=3dccdcb3-03af-4835-9326-2f3ea1d5a5fd
════════════════════════════════════════════════════════

