
════════════════════════════════════════════════════════
  DRTS Cross-Surface E2E Suite
  API: http://localhost:3001
  Bearer auth: disabled
  Run ID: 677505
════════════════════════════════════════════════════════

▶ Running: E2E-014-fleet-partner-revenue-share
  ✓ PASS  E2E-014-fleet-partner-revenue-share

════════════════════════════════════════════════════════
  E2E Results: 1/1 passed

  Chain file:    /tmp/drts-e2e-chain-677505.json
  Evidence log:  /tmp/drts-e2e-evidence-677505.log

Evidence capture:
2026-07-27T02:05:51Z | E2E-014 | platform_admin | fleetPartnerId=fleet-02d3a623-37c5-4210-93ba-f0bffd507ce4
2026-07-27T02:05:51Z | E2E-014 | platform_admin | affiliationId=fleet-aff-ad998d00-cb95-4517-8529-0a60035ac8cb
2026-07-27T02:05:51Z | E2E-014 | platform_admin | ruleId=fleet-rule-17d0a6e5-6a12-4ec4-9da1-53a22d74500d
2026-07-27T02:05:51Z | E2E-014 | driver | grossEarningMinor=200000
2026-07-27T02:05:51Z | E2E-014 | driver | netAmountMinor=175000
2026-07-27T02:05:51Z | E2E-014 | driver | completedTripLines=2
2026-07-27T02:05:51Z | E2E-014 | fleet_partner | statementId=fleet-statement-fleet-02d3a623-37c5-4210-93ba-f0bffd507ce4-2026-03
2026-07-27T02:05:51Z | E2E-014 | fleet_partner | shareAmountMinor=20000
2026-07-27T02:05:51Z | E2E-014 | fleet_partner | grossEarningBasisMinor=200000
2026-07-27T02:05:51Z | E2E-014 | fleet_partner | payoutStatus=pending
2026-07-27T02:05:51Z | E2E-014 | fleet_partner_portal | shareAmountMinor=20000
════════════════════════════════════════════════════════

