
════════════════════════════════════════════════════════
  DRTS Cross-Surface E2E Suite
  API: http://localhost:3001
  Bearer auth: disabled
  Run ID: 807202
════════════════════════════════════════════════════════

▶ Running: E2E-017-driver-sos-incident
  ✓ PASS  E2E-017-driver-sos-incident

════════════════════════════════════════════════════════
  E2E Results: 1/1 passed

  Chain file:    /tmp/drts-e2e-chain-807202.json
  Evidence log:  /tmp/drts-e2e-evidence-807202.log

Evidence capture:
2026-07-27T02:12:16Z | E2E-017 | driver | incidentId=INC-000001
2026-07-27T02:12:16Z | E2E-017 | driver | sosEventId=593d49ee-cf23-4133-a3ee-f8285e015753
2026-07-27T02:12:16Z | E2E-017 | driver | eventNo=SOS-20260727021216-C0E12C
2026-07-27T02:12:16Z | E2E-017 | driver | fleetReportConfirmedAt=2026-07-27T02:12:16.242Z
2026-07-27T02:12:16Z | E2E-017 | driver | attachmentStorageState=unavailable
2026-07-27T02:12:16Z | E2E-017 | driver | listForbidden=true
2026-07-27T02:12:16Z | E2E-017 | ops | opsAlertRenderedAt=2026-07-27T02:12:16.411Z
2026-07-27T02:12:16Z | E2E-017 | ops | opsAlertReceiptRecordedAt=2026-07-27T02:12:16.426Z
2026-07-27T02:12:16Z | E2E-017 | ops | alertToOpsLatencyMs=169
════════════════════════════════════════════════════════

